Traceback (most recent call last):
  File "/home/runner/work/omniverse/omniverse/.venv/lib/python3.14/site-packages/jupyter_cache/executors/utils.py", line 58, in single_nb_execution
    executenb(
    ~~~~~~~~~^
        nb,
        ^^^
    ...<4 lines>...
        **kwargs,
        ^^^^^^^^^
    )
    ^
  File "/home/runner/work/omniverse/omniverse/.venv/lib/python3.14/site-packages/nbclient/client.py", line 1323, in execute
    return NotebookClient(nb=nb, resources=resources, km=km, **kwargs).execute()
           ~~~~~~~~~~~~~~~~~~~~~~~~~~~~~~~~~~~~~~~~~~~~~~~~~~~~~~~~~~~~~~~~~~~^^
  File "/home/runner/work/omniverse/omniverse/.venv/lib/python3.14/site-packages/jupyter_core/utils/__init__.py", line 165, in wrapped
    return loop.run_until_complete(inner)
           ~~~~~~~~~~~~~~~~~~~~~~~^^^^^^^
  File "/home/runner/.local/share/uv/python/cpython-3.14.6-linux-x86_64-gnu/lib/python3.14/asyncio/base_events.py", line 719, in run_until_complete
    return future.result()
           ~~~~~~~~~~~~~^^
  File "/home/runner/work/omniverse/omniverse/.venv/lib/python3.14/site-packages/nbclient/client.py", line 709, in async_execute
    await self.async_execute_cell(
        cell, index, execution_count=self.code_cells_executed + 1
    )
  File "/home/runner/work/omniverse/omniverse/.venv/lib/python3.14/site-packages/nbclient/client.py", line 1062, in async_execute_cell
    await self._check_raise_for_error(cell, cell_index, exec_reply)
  File "/home/runner/work/omniverse/omniverse/.venv/lib/python3.14/site-packages/nbclient/client.py", line 918, in _check_raise_for_error
    raise CellExecutionError.from_cell_and_msg(cell, exec_reply_content)
nbclient.exceptions.CellExecutionError: An error occurred while executing the following cell:
------------------
data = np.genfromtxt('data/6.overlap.csv', delimiter=',')
knn_comparison(data, 1)
knn_comparison(data, 5)
knn_comparison(data,15)
knn_comparison(data, 30)
knn_comparison(data, 50)

------------------


[31m---------------------------------------------------------------------------[39m
[31mFileNotFoundError[39m                         Traceback (most recent call last)
[36mCell[39m[36m [39m[32mIn[3][39m[32m, line 1[39m
[32m----> [39m[32m1[39m data = np.genfromtxt([33m'data/6.overlap.csv'[39m, delimiter=[33m','[39m)
[32m      2[39m knn_comparison(data, [32m1[39m)
[32m      3[39m knn_comparison(data, [32m5[39m)
[32m      4[39m knn_comparison(data,[32m15[39m)

[36mFile [39m[32m~/work/omniverse/omniverse/.venv/lib/python3.14/site-packages/numpy/lib/_npyio_impl.py:1982[39m, in [36mgenfromtxt[39m[34m(fname, dtype, comments, delimiter, skip_header, skip_footer, converters, missing_values, filling_values, usecols, names, excludelist, deletechars, replace_space, autostrip, case_sensitive, defaultfmt, unpack, usemask, loose, invalid_raise, max_rows, encoding, ndmin, like)[39m
[32m   1980[39m     fname = os.fspath(fname)
[32m   1981[39m [38;5;28;01mif[39;00m [38;5;28misinstance[39m(fname, [38;5;28mstr[39m):
[32m-> [39m[32m1982[39m     fid = [30;43mnp[39;49m[30;43m.[39;49m[30;43mlib[39;49m[30;43m.[39;49m[30;43m_datasource[39;49m[30;43m.[39;49m[30;43mopen[39;49m[30;43m([39;49m[30;43mfname[39;49m[30;43m,[39;49m[30;43m [39;49m[30;43m'[39;49m[30;43mrt[39;49m[30;43m'[39;49m[30;43m,[39;49m[30;43m [39;49m[30;43mencoding[39;49m[30;43m=[39;49m[30;43mencoding[39;49m[30;43m)[39;49m
[32m   1983[39m     fid_ctx = contextlib.closing(fid)
[32m   1984[39m [38;5;28;01melse[39;00m:

[36mFile [39m[32m~/work/omniverse/omniverse/.venv/lib/python3.14/site-packages/numpy/lib/_datasource.py:192[39m, in [36mopen[39m[34m(path, mode, destpath, encoding, newline)[39m
[32m    155[39m [38;5;250m[39m[33;03m"""[39;00m
[32m    156[39m [33;03mOpen `path` with `mode` and return the file object.[39;00m
[32m    157[39m 
[32m   (...)[39m[32m    188[39m 
[32m    189[39m [33;03m"""[39;00m
[32m    191[39m ds = DataSource(destpath)
[32m--> [39m[32m192[39m [38;5;28;01mreturn[39;00m [30;43mds[39;49m[30;43m.[39;49m[30;43mopen[39;49m[30;43m([39;49m[30;43mpath[39;49m[30;43m,[39;49m[30;43m [39;49m[30;43mmode[39;49m[30;43m,[39;49m[30;43m [39;49m[30;43mencoding[39;49m[30;43m=[39;49m[30;43mencoding[39;49m[30;43m,[39;49m[30;43m [39;49m[30;43mnewline[39;49m[30;43m=[39;49m[30;43mnewline[39;49m[30;43m)[39;49m

[36mFile [39m[32m~/work/omniverse/omniverse/.venv/lib/python3.14/site-packages/numpy/lib/_datasource.py:529[39m, in [36mDataSource.open[39m[34m(self, path, mode, encoding, newline)[39m
[32m    526[39m     [38;5;28;01mreturn[39;00m _file_openers[ext](found, mode=mode,
[32m    527[39m                               encoding=encoding, newline=newline)
[32m    528[39m [38;5;28;01melse[39;00m:
[32m--> [39m[32m529[39m     [38;5;28;01mraise[39;00m [38;5;167;01mFileNotFoundError[39;00m([33mf[39m[33m"[39m[38;5;132;01m{[39;00mpath[38;5;132;01m}[39;00m[33m not found.[39m[33m"[39m)

[31mFileNotFoundError[39m: data/6.overlap.csv not found.

