Traceback (most recent call last):
  File "/home/runner/work/omniverse/omniverse/.venv/lib/python3.14/site-packages/jupyter_cache/executors/utils.py", line 58, in single_nb_execution
    executenb(
    ~~~~~~~~~^
        nb,
        ^^^
    ...<4 lines>...
        **kwargs,
        ^^^^^^^^^
    )
    ^
  File "/home/runner/work/omniverse/omniverse/.venv/lib/python3.14/site-packages/nbclient/client.py", line 1323, in execute
    return NotebookClient(nb=nb, resources=resources, km=km, **kwargs).execute()
           ~~~~~~~~~~~~~~~~~~~~~~~~~~~~~~~~~~~~~~~~~~~~~~~~~~~~~~~~~~~~~~~~~~~^^
  File "/home/runner/work/omniverse/omniverse/.venv/lib/python3.14/site-packages/jupyter_core/utils/__init__.py", line 165, in wrapped
    return loop.run_until_complete(inner)
           ~~~~~~~~~~~~~~~~~~~~~~~^^^^^^^
  File "/home/runner/.local/share/uv/python/cpython-3.14.6-linux-x86_64-gnu/lib/python3.14/asyncio/base_events.py", line 719, in run_until_complete
    return future.result()
           ~~~~~~~~~~~~~^^
  File "/home/runner/work/omniverse/omniverse/.venv/lib/python3.14/site-packages/nbclient/client.py", line 709, in async_execute
    await self.async_execute_cell(
        cell, index, execution_count=self.code_cells_executed + 1
    )
  File "/home/runner/work/omniverse/omniverse/.venv/lib/python3.14/site-packages/nbclient/client.py", line 1062, in async_execute_cell
    await self._check_raise_for_error(cell, cell_index, exec_reply)
  File "/home/runner/work/omniverse/omniverse/.venv/lib/python3.14/site-packages/nbclient/client.py", line 918, in _check_raise_for_error
    raise CellExecutionError.from_cell_and_msg(cell, exec_reply_content)
nbclient.exceptions.CellExecutionError: An error occurred while executing the following cell:
------------------
from omnivault.utils.memory import MemoryInspector

# ASCII string (1 byte per character)
ascii_str: str = "hello"
inspector_ascii = MemoryInspector(ascii_str)

# String with accents (still 1 byte per character, Latin-1)
latin_str: str = "café"
inspector_latin = MemoryInspector(latin_str)

# String with emoji (4 bytes per character)
emoji_str: str = "hi👋"
inspector_emoji = MemoryInspector(emoji_str)

print(f"{'String':<15} {'Chars':<8} {'Size (bytes)':<15} {'Bytes/char'}")
print("=" * 55)
print(f"{repr(ascii_str):<15} {len(ascii_str):<8} {inspector_ascii.size:<15} "
      f"{(inspector_ascii.size - 49) / max(1, len(ascii_str)):.1f}")
print(f"{repr(latin_str):<15} {len(latin_str):<8} {inspector_latin.size:<15} "
      f"{(inspector_latin.size - 49) / max(1, len(latin_str)):.1f}")
print(f"{repr(emoji_str):<15} {len(emoji_str):<8} {inspector_emoji.size:<15} "
      f"{(inspector_emoji.size - 49) / max(1, len(emoji_str)):.1f}")
------------------


[31m---------------------------------------------------------------------------[39m
[31mModuleNotFoundError[39m                       Traceback (most recent call last)
[36mCell[39m[36m [39m[32mIn[2][39m[32m, line 1[39m
[32m----> [39m[32m1[39m [38;5;28;01mfrom[39;00m omnivault.utils.memory [38;5;28;01mimport[39;00m MemoryInspector
[32m      2[39m 
[32m      3[39m [38;5;66;03m# ASCII string (1 byte per character)[39;00m
[32m      4[39m ascii_str: str = [33m"hello"[39m

[31mModuleNotFoundError[39m: No module named 'omnivault.utils.memory'

