Traceback (most recent call last):
  File "/home/runner/work/omniverse/omniverse/.venv/lib/python3.14/site-packages/jupyter_cache/executors/utils.py", line 58, in single_nb_execution
    executenb(
    ~~~~~~~~~^
        nb,
        ^^^
    ...<4 lines>...
        **kwargs,
        ^^^^^^^^^
    )
    ^
  File "/home/runner/work/omniverse/omniverse/.venv/lib/python3.14/site-packages/nbclient/client.py", line 1323, in execute
    return NotebookClient(nb=nb, resources=resources, km=km, **kwargs).execute()
           ~~~~~~~~~~~~~~~~~~~~~~~~~~~~~~~~~~~~~~~~~~~~~~~~~~~~~~~~~~~~~~~~~~~^^
  File "/home/runner/work/omniverse/omniverse/.venv/lib/python3.14/site-packages/jupyter_core/utils/__init__.py", line 165, in wrapped
    return loop.run_until_complete(inner)
           ~~~~~~~~~~~~~~~~~~~~~~~^^^^^^^
  File "/home/runner/.local/share/uv/python/cpython-3.14.6-linux-x86_64-gnu/lib/python3.14/asyncio/base_events.py", line 719, in run_until_complete
    return future.result()
           ~~~~~~~~~~~~~^^
  File "/home/runner/work/omniverse/omniverse/.venv/lib/python3.14/site-packages/nbclient/client.py", line 709, in async_execute
    await self.async_execute_cell(
        cell, index, execution_count=self.code_cells_executed + 1
    )
  File "/home/runner/work/omniverse/omniverse/.venv/lib/python3.14/site-packages/nbclient/client.py", line 1062, in async_execute_cell
    await self._check_raise_for_error(cell, cell_index, exec_reply)
  File "/home/runner/work/omniverse/omniverse/.venv/lib/python3.14/site-packages/nbclient/client.py", line 918, in _check_raise_for_error
    raise CellExecutionError.from_cell_and_msg(cell, exec_reply_content)
nbclient.exceptions.CellExecutionError: An error occurred while executing the following cell:
------------------
def dispatch(get_employee: Callable[[], Employee]) -> None:
    get_employee().work()


def get_manager() -> Manager:
    return Manager()


dispatch(get_manager)  # Callable[[], Manager] <: Callable[[], Employee]
------------------


[31m---------------------------------------------------------------------------[39m
[31mNameError[39m                                 Traceback (most recent call last)
[36mCell[39m[36m [39m[32mIn[3][39m[32m, line 9[39m
[32m      5[39m [38;5;28;01mdef[39;00m get_manager() -> Manager:
[32m      6[39m     [38;5;28;01mreturn[39;00m Manager()
[32m      7[39m 
[32m      8[39m 
[32m----> [39m[32m9[39m dispatch(get_manager)  [38;5;66;03m# Callable[[], Manager] <: Callable[[], Employee][39;00m

[36mCell[39m[36m [39m[32mIn[3][39m[32m, line 2[39m, in [36mdispatch[39m[34m(get_employee)[39m
[32m      1[39m [38;5;28;01mdef[39;00m dispatch(get_employee: Callable[[], Employee]) -> [38;5;28;01mNone[39;00m:
[32m----> [39m[32m2[39m     get_employee().work()

[36mCell[39m[36m [39m[32mIn[3][39m[32m, line 6[39m, in [36mget_manager[39m[34m()[39m
[32m      5[39m [38;5;28;01mdef[39;00m get_manager() -> Manager:
[32m----> [39m[32m6[39m     [38;5;28;01mreturn[39;00m Manager()

[31mNameError[39m: name 'Manager' is not defined

